---
source: src/test/integration_test.rs
expression: value
---
[
  {
    "range": {
      "end": {
        "character": 32,
        "line": 23
      },
      "start": {
        "character": 4,
        "line": 23
      }
    },
    "uri": "file://$PROJECT_ROOT/src/test/fixtures/module_with_methods.rb"
  },
  {
    "range": {
      "end": {
        "character": 32,
        "line": 23
      },
      "start": {
        "character": 4,
        "line": 23
      }
    },
    "uri": "file://$PROJECT_ROOT/src/test/fixtures/module_with_methods.rb"
  },
  {
    "range": {
      "end": {
        "character": 32,
        "line": 23
      },
      "start": {
        "character": 4,
        "line": 23
      }
    },
    "uri": "file://$PROJECT_ROOT/src/test/fixtures/module_with_methods.rb"
  }
]
