---
source: src/test/integration_test.rs
expression: value
---
[
  {
    "range": {
      "end": {
        "character": 11,
        "line": 3
      },
      "start": {
        "character": 8,
        "line": 3
      }
    },
    "uri": "file://$PROJECT_ROOT/src/test/fixtures/goto/const_single.rb"
  },
  {
    "range": {
      "end": {
        "character": 16,
        "line": 12
      },
      "start": {
        "character": 6,
        "line": 12
      }
    },
    "uri": "file://$PROJECT_ROOT/src/test/fixtures/goto/const_single.rb"
  }
]
